Testing 1
Testing 1
Testing 1
